// Jest Snapshot v1, https://goo.gl/fbAQLP

exports[`Input component matches snapshot 1`] = `
<DocumentFragment>
  <div
    class="custom-input group flex flex-col gap-1"
  >
    <div
      class="relative flex flex-col"
    >
      <input
        class="rounded-lg border-none px-4 text-neutral-600 outline-none ring-1 placeholder:text-neutral-100 focus:placeholder:text-primary-100 disabled:bg-neutral-30 disabled:text-neutral-100 dark:bg-surface-100 dark:text-neutral-400 dark:disabled:bg-neutral-400 ring-neutral-50 focus:shadow-[0_0_10px_#c9bfff] focus:ring-primary-300 dark:focus:ring-primary-300"
      />
    </div>
  </div>
</DocumentFragment>
`;
